<!DOCTYPE html>
<html lang="en">
<head>
    <meta http-equiv="refresh" content="0;URL=../../../gotham_formdata/validate/struct.ExpectedValidator.html">
</head>
<body>
    <p>Redirecting to <a href="../../../gotham_formdata/validate/struct.ExpectedValidator.html">../../../gotham_formdata/validate/struct.ExpectedValidator.html</a>...</p>
    <script>location.replace("../../../gotham_formdata/validate/struct.ExpectedValidator.html" + location.search + location.hash);</script>
</body>
</html>